! Anika's Notebook
# To Do List,0
* Clean room
Dust and vacuum